computing layer table ...
computing kill histogram ...
computing twin table ...
wrote C:\Users\davea\OneDrive\Desktop\maximal-convex-polygons\results\paper_numbers.json

== f ==
{
 "3": 1,
 "4": 4,
 "5": 7,
 "6": 11,
 "7": 20,
 "8": 38,
 "9": 62
}

== order_types ==
{
 "3": 1,
 "4": 2,
 "5": 3,
 "6": 16,
 "7": 135,
 "8": 3315,
 "9": 158817
}

== layer_table ==
{
 "3": {
  "3": 1
 },
 "4": {
  "4": 1,
  "3": 4
 },
 "5": {
  "5": 1,
  "4": 4,
  "3": 7
 },
 "6": {
  "6": 1,
  "5": 6,
  "4": 11,
  "3": 11
 },
 "7": {
  "7": 1,
  "6": 6,
  "5": 12,
  "4": 20,
  "3": 20
 },
 "8": {
  "8": 1,
  "7": 8,
  "6": 16,
  "5": 26,
  "4": 38,
  "3": 35
 }
}

== kill ==
{
 "pairs": 6126,
 "violations": 0,
 "histogram": {
  "1": 3438,
  "2": 828,
  "3": 46,
  "4": 1
 }
}
